deepl.com
roblox.com
rbxcdn.com
robloxdev.com
rbxinfra.net
googleapis.com
gstatic.com
googleusercontent.com
ggpht.com
gvt1.com
gvt2.com
gvt3.com
github.com
github.githubassets.com
camo.githubassets.com
raw.githubusercontent.com
release-assets.githubusercontent.com
private-user-images.githubusercontent.com
gist.githubusercontent.com
avatars.githubusercontent.com
openwrt.org
downloads.openwrt.org
firmware-selector.openwrt.org
whatsapp.net
whatsapp.com
bedolagam.ru, docs.bedolagam.ru
podkop.net
aldiwan.net
faq.whatsapp.com
whatsapp.fbsbx.com
media-hel3-1.cdn.whatsapp.net
static.whatsapp.net
www-cdn.whatsapp.net
www-fallback.whatsapp.com
whatsapp.biz
web.whatsapp.com
whatsapp.net
whatsapp.com
wa.me
wl.co
whatsappbrand.com
whatsapp.cc
whatsapp.org
whatsapp-plus.info
whatsapp-plus.me
whatsapp.tv
whatsapp-plus.net
whatsapp.info
